Testing POST /api/students (signup flow without academic_info)...
node : Failed 
(expected): 500
At line:1 char:1
+ node test_api.js > 
test_output.txt 2>&1; 
cat test_output.txt
+ ~~~~~~~~~~~~~~~~~~~~~
~~~~~~~~~~~~~~~~~~
    + CategoryInfo     
         : NotSpecifi  
  ed: (Failed (expec   
 ted): 500:String)     
[], RemoteExceptio    n
    + FullyQualifiedEr 
   rorId : NativeComm  
  andError
 
Response data: {
  message: 'Server Error',
  error: 'Student validation failed: academic_info.class_level: Path `academic_info.class_level` is required.'
}

Testing POST /api/students (auto-register flow with academic_info)...
Success: {
  uid: 'test_uid_fixed_1773719844465',
  name: 'Test Student Fixed',
  email: 'test_fixed1773719844465@example.com',
  role: 'student',
  academic_info: {
    class_level: '10th',
    subjects: [],
    is_fyjc_registered: false,
    college_type_preference: 'Any'
  },
  interests: { career_interests: [] },
  aptitude_scores: {
    logical_score: 0,
    analytical_score: 0,
    creativity_score: 0,
    reaction_score: 0,
    science_score: 0,
    commerce_score: 0
  },
  preferences: { preferred_districts: [], preferred_colleges: [] },
  _id: '69b8d1240118e602139ede82',
  createdAt: '2026-03-17T03:57:24.530Z',
  updatedAt: '2026-03-17T03:57:24.530Z',
  __v: 0,
  token: 'eyJhbGciOiJIUzI1NiIsInR5cCI6IkpXVCJ9.eyJpZCI6IjY5YjhkMTI0MDExOGU2MDIxMzllZGU4MiIsImlhdCI6MTc3MzcxOTg0NCwiZXhwIjoxNzc2MzExODQ0fQ.VsKxZCQT6tskcLqb0ceDv5-8cNBqlgqPVxj1p8HmvM0'
}
